-- Install configuration: ""
-- Execute custom install script
-- Up-to-date symlink: /home/armoumad/robot_cae_ws/install/my_custom_robot/share/my_custom_robot/config/controllers.yaml
-- Up-to-date symlink: /home/armoumad/robot_cae_ws/install/my_custom_robot/share/my_custom_robot/launch/gazebo.launch.py
-- Symlinking: /home/armoumad/robot_cae_ws/install/my_custom_robot/share/my_custom_robot/urdf/inertial_macros.xacro
-- Up-to-date symlink: /home/armoumad/robot_cae_ws/install/my_custom_robot/share/my_custom_robot/urdf/my_robot.urdf.xacro
-- Up-to-date symlink: /home/armoumad/robot_cae_ws/install/my_custom_robot/share/ament_index/resource_index/package_run_dependencies/my_custom_robot
-- Up-to-date symlink: /home/armoumad/robot_cae_ws/install/my_custom_robot/share/ament_index/resource_index/parent_prefix_path/my_custom_robot
-- Up-to-date symlink: /home/armoumad/robot_cae_ws/install/my_custom_robot/share/my_custom_robot/environment/ament_prefix_path.sh
-- Up-to-date symlink: /home/armoumad/robot_cae_ws/install/my_custom_robot/share/my_custom_robot/environment/ament_prefix_path.dsv
-- Up-to-date symlink: /home/armoumad/robot_cae_ws/install/my_custom_robot/share/my_custom_robot/environment/path.sh
-- Up-to-date symlink: /home/armoumad/robot_cae_ws/install/my_custom_robot/share/my_custom_robot/environment/path.dsv
-- Up-to-date symlink: /home/armoumad/robot_cae_ws/install/my_custom_robot/share/my_custom_robot/local_setup.bash
-- Up-to-date symlink: /home/armoumad/robot_cae_ws/install/my_custom_robot/share/my_custom_robot/local_setup.sh
-- Up-to-date symlink: /home/armoumad/robot_cae_ws/install/my_custom_robot/share/my_custom_robot/local_setup.zsh
-- Up-to-date symlink: /home/armoumad/robot_cae_ws/install/my_custom_robot/share/my_custom_robot/local_setup.dsv
-- Symlinking: /home/armoumad/robot_cae_ws/install/my_custom_robot/share/my_custom_robot/package.dsv
-- Up-to-date symlink: /home/armoumad/robot_cae_ws/install/my_custom_robot/share/ament_index/resource_index/packages/my_custom_robot
-- Up-to-date symlink: /home/armoumad/robot_cae_ws/install/my_custom_robot/share/my_custom_robot/cmake/my_custom_robotConfig.cmake
-- Up-to-date symlink: /home/armoumad/robot_cae_ws/install/my_custom_robot/share/my_custom_robot/cmake/my_custom_robotConfig-version.cmake
-- Up-to-date symlink: /home/armoumad/robot_cae_ws/install/my_custom_robot/share/my_custom_robot/package.xml
