[0.021s] Invoking command in '/home/armoumad/robot_cae_ws/build/my_custom_robot': CMAKE_PREFIX_PATH=${CMAKE_PREFIX_PATH}:/opt/ros/humble /usr/bin/cmake --build /home/armoumad/robot_cae_ws/build/my_custom_robot -- -j8 -l8
[0.095s] Invoked command in '/home/armoumad/robot_cae_ws/build/my_custom_robot' returned '0': CMAKE_PREFIX_PATH=${CMAKE_PREFIX_PATH}:/opt/ros/humble /usr/bin/cmake --build /home/armoumad/robot_cae_ws/build/my_custom_robot -- -j8 -l8
[0.107s] Invoking command in '/home/armoumad/robot_cae_ws/build/my_custom_robot': CMAKE_PREFIX_PATH=${CMAKE_PREFIX_PATH}:/opt/ros/humble /usr/bin/cmake --install /home/armoumad/robot_cae_ws/build/my_custom_robot
[0.114s] -- Install configuration: ""
[0.115s] -- Execute custom install script
[0.116s] -- Up-to-date symlink: /home/armoumad/robot_cae_ws/install/my_custom_robot/share/my_custom_robot/config/controllers.yaml
[0.116s] -- Up-to-date symlink: /home/armoumad/robot_cae_ws/install/my_custom_robot/share/my_custom_robot/launch/gazebo.launch.py
[0.116s] -- Up-to-date symlink: /home/armoumad/robot_cae_ws/install/my_custom_robot/share/my_custom_robot/urdf/inertial_macros.xacro
[0.116s] -- Up-to-date symlink: /home/armoumad/robot_cae_ws/install/my_custom_robot/share/my_custom_robot/urdf/my_robot.urdf.xacro
[0.118s] -- Symlinking: /home/armoumad/robot_cae_ws/install/my_custom_robot/share/my_custom_robot/meshes/body.dae
[0.126s] -- Symlinking: /home/armoumad/robot_cae_ws/install/my_custom_robot/share/my_custom_robot/meshes/body.stl
[0.134s] -- Symlinking: /home/armoumad/robot_cae_ws/install/my_custom_robot/share/my_custom_robot/meshes/wheel1.dae
[0.141s] -- Symlinking: /home/armoumad/robot_cae_ws/install/my_custom_robot/share/my_custom_robot/meshes/wheel1.stl
[0.149s] -- Symlinking: /home/armoumad/robot_cae_ws/install/my_custom_robot/share/my_custom_robot/meshes/wheel2.dae
[0.157s] -- Symlinking: /home/armoumad/robot_cae_ws/install/my_custom_robot/share/my_custom_robot/meshes/wheel2.stl
[0.164s] -- Symlinking: /home/armoumad/robot_cae_ws/install/my_custom_robot/share/my_custom_robot/meshes/wheel3.dae
[0.172s] -- Symlinking: /home/armoumad/robot_cae_ws/install/my_custom_robot/share/my_custom_robot/meshes/wheel3.stl
[0.180s] -- Symlinking: /home/armoumad/robot_cae_ws/install/my_custom_robot/share/my_custom_robot/meshes/wheel4.dae
[0.188s] -- Symlinking: /home/armoumad/robot_cae_ws/install/my_custom_robot/share/my_custom_robot/meshes/wheel4.stl
[0.197s] -- Up-to-date symlink: /home/armoumad/robot_cae_ws/install/my_custom_robot/share/ament_index/resource_index/package_run_dependencies/my_custom_robot
[0.197s] -- Up-to-date symlink: /home/armoumad/robot_cae_ws/install/my_custom_robot/share/ament_index/resource_index/parent_prefix_path/my_custom_robot
[0.197s] -- Up-to-date symlink: /home/armoumad/robot_cae_ws/install/my_custom_robot/share/my_custom_robot/environment/ament_prefix_path.sh
[0.197s] -- Up-to-date symlink: /home/armoumad/robot_cae_ws/install/my_custom_robot/share/my_custom_robot/environment/ament_prefix_path.dsv
[0.197s] -- Up-to-date symlink: /home/armoumad/robot_cae_ws/install/my_custom_robot/share/my_custom_robot/environment/path.sh
[0.198s] -- Up-to-date symlink: /home/armoumad/robot_cae_ws/install/my_custom_robot/share/my_custom_robot/environment/path.dsv
[0.198s] -- Up-to-date symlink: /home/armoumad/robot_cae_ws/install/my_custom_robot/share/my_custom_robot/local_setup.bash
[0.198s] -- Up-to-date symlink: /home/armoumad/robot_cae_ws/install/my_custom_robot/share/my_custom_robot/local_setup.sh
[0.198s] -- Up-to-date symlink: /home/armoumad/robot_cae_ws/install/my_custom_robot/share/my_custom_robot/local_setup.zsh
[0.198s] -- Up-to-date symlink: /home/armoumad/robot_cae_ws/install/my_custom_robot/share/my_custom_robot/local_setup.dsv
[0.198s] -- Symlinking: /home/armoumad/robot_cae_ws/install/my_custom_robot/share/my_custom_robot/package.dsv
[0.207s] -- Up-to-date symlink: /home/armoumad/robot_cae_ws/install/my_custom_robot/share/ament_index/resource_index/packages/my_custom_robot
[0.207s] -- Up-to-date symlink: /home/armoumad/robot_cae_ws/install/my_custom_robot/share/my_custom_robot/cmake/my_custom_robotConfig.cmake
[0.207s] -- Up-to-date symlink: /home/armoumad/robot_cae_ws/install/my_custom_robot/share/my_custom_robot/cmake/my_custom_robotConfig-version.cmake
[0.207s] -- Up-to-date symlink: /home/armoumad/robot_cae_ws/install/my_custom_robot/share/my_custom_robot/package.xml
[0.209s] Invoked command in '/home/armoumad/robot_cae_ws/build/my_custom_robot' returned '0': CMAKE_PREFIX_PATH=${CMAKE_PREFIX_PATH}:/opt/ros/humble /usr/bin/cmake --install /home/armoumad/robot_cae_ws/build/my_custom_robot
