[0.298s] DEBUG:colcon:Command line arguments: ['/usr/bin/colcon', 'build', '--symlink-install']
[0.298s] DEBUG:colcon:Parsed command line arguments: Namespace(log_base=None, log_level=None, verb_name='build', build_base='build', install_base='install', merge_install=False, symlink_install=True, test_result_base=None, continue_on_error=False, executor='parallel', parallel_workers=8, event_handlers=None, ignore_user_meta=False, metas=['./colcon.meta'], base_paths=['.'], packages_ignore=None, packages_ignore_regex=None, paths=None, packages_up_to=None, packages_up_to_regex=None, packages_above=None, packages_above_and_dependencies=None, packages_above_depth=None, packages_select_by_dep=None, packages_skip_by_dep=None, packages_skip_up_to=None, packages_select_build_failed=False, packages_skip_build_finished=False, packages_select_test_failures=False, packages_skip_test_passed=False, packages_select=None, packages_skip=None, packages_select_regex=None, packages_skip_regex=None, packages_start=None, packages_end=None, allow_overriding=[], cmake_args=None, cmake_target=None, cmake_target_skip_unavailable=False, cmake_clean_cache=False, cmake_clean_first=False, cmake_force_configure=False, ament_cmake_args=None, catkin_cmake_args=None, catkin_skip_building_tests=False, verb_parser=<colcon_defaults.argument_parser.defaults.DefaultArgumentsDecorator object at 0x765244e71b10>, verb_extension=<colcon_core.verb.build.BuildVerb object at 0x765244fef3d0>, main=<bound method BuildVerb.main of <colcon_core.verb.build.BuildVerb object at 0x765244fef3d0>>)
[0.679s] Level 1:colcon.colcon_core.package_discovery:discover_packages(colcon_meta) check parameters
[0.679s] Level 1:colcon.colcon_core.package_discovery:discover_packages(recursive) check parameters
[0.679s] Level 1:colcon.colcon_core.package_discovery:discover_packages(ignore) check parameters
[0.679s] Level 1:colcon.colcon_core.package_discovery:discover_packages(path) check parameters
[0.679s] Level 1:colcon.colcon_core.package_discovery:discover_packages(colcon_meta) discover
[0.679s] Level 1:colcon.colcon_core.package_discovery:discover_packages(recursive) discover
[0.679s] INFO:colcon.colcon_core.package_discovery:Crawling recursively for packages in '/home/armoumad/robot_cae_ws'
[0.680s] Level 1:colcon.colcon_core.package_identification:_identify(.) by extensions ['ignore', 'ignore_ament_install']
[0.680s] Level 1:colcon.colcon_core.package_identification:_identify(.) by extension 'ignore'
[0.680s] Level 1:colcon.colcon_core.package_identification:_identify(.) by extension 'ignore_ament_install'
[0.680s] Level 1:colcon.colcon_core.package_identification:_identify(.) by extensions ['colcon_pkg']
[0.680s] Level 1:colcon.colcon_core.package_identification:_identify(.) by extension 'colcon_pkg'
[0.680s] Level 1:colcon.colcon_core.package_identification:_identify(.) by extensions ['colcon_meta']
[0.680s] Level 1:colcon.colcon_core.package_identification:_identify(.) by extension 'colcon_meta'
[0.680s] Level 1:colcon.colcon_core.package_identification:_identify(.) by extensions ['ros']
[0.680s] Level 1:colcon.colcon_core.package_identification:_identify(.) by extension 'ros'
[0.693s] Level 1:colcon.colcon_core.package_identification:_identify(.) by extensions ['cmake', 'python']
[0.693s] Level 1:colcon.colcon_core.package_identification:_identify(.) by extension 'cmake'
[0.693s] Level 1:colcon.colcon_core.package_identification:_identify(.) by extension 'python'
[0.693s] Level 1:colcon.colcon_core.package_identification:_identify(.) by extensions ['python_setup_py']
[0.693s] Level 1:colcon.colcon_core.package_identification:_identify(.) by extension 'python_setup_py'
[0.693s] Level 1:colcon.colcon_core.package_identification:_identify(build) by extensions ['ignore', 'ignore_ament_install']
[0.693s] Level 1:colcon.colcon_core.package_identification:_identify(build) by extension 'ignore'
[0.694s] Level 1:colcon.colcon_core.package_identification:_identify(build) ignored
[0.694s] Level 1:colcon.colcon_core.package_identification:_identify(config) by extensions ['ignore', 'ignore_ament_install']
[0.694s] Level 1:colcon.colcon_core.package_identification:_identify(config) by extension 'ignore'
[0.694s] Level 1:colcon.colcon_core.package_identification:_identify(config) by extension 'ignore_ament_install'
[0.694s] Level 1:colcon.colcon_core.package_identification:_identify(config) by extensions ['colcon_pkg']
[0.694s] Level 1:colcon.colcon_core.package_identification:_identify(config) by extension 'colcon_pkg'
[0.694s] Level 1:colcon.colcon_core.package_identification:_identify(config) by extensions ['colcon_meta']
[0.694s] Level 1:colcon.colcon_core.package_identification:_identify(config) by extension 'colcon_meta'
[0.694s] Level 1:colcon.colcon_core.package_identification:_identify(config) by extensions ['ros']
[0.694s] Level 1:colcon.colcon_core.package_identification:_identify(config) by extension 'ros'
[0.695s] Level 1:colcon.colcon_core.package_identification:_identify(config) by extensions ['cmake', 'python']
[0.695s] Level 1:colcon.colcon_core.package_identification:_identify(config) by extension 'cmake'
[0.695s] Level 1:colcon.colcon_core.package_identification:_identify(config) by extension 'python'
[0.695s] Level 1:colcon.colcon_core.package_identification:_identify(config) by extensions ['python_setup_py']
[0.695s] Level 1:colcon.colcon_core.package_identification:_identify(config) by extension 'python_setup_py'
[0.695s] Level 1:colcon.colcon_core.package_identification:_identify(install) by extensions ['ignore', 'ignore_ament_install']
[0.695s] Level 1:colcon.colcon_core.package_identification:_identify(install) by extension 'ignore'
[0.695s] Level 1:colcon.colcon_core.package_identification:_identify(install) ignored
[0.696s] Level 1:colcon.colcon_core.package_identification:_identify(launch) by extensions ['ignore', 'ignore_ament_install']
[0.696s] Level 1:colcon.colcon_core.package_identification:_identify(launch) by extension 'ignore'
[0.696s] Level 1:colcon.colcon_core.package_identification:_identify(launch) by extension 'ignore_ament_install'
[0.696s] Level 1:colcon.colcon_core.package_identification:_identify(launch) by extensions ['colcon_pkg']
[0.696s] Level 1:colcon.colcon_core.package_identification:_identify(launch) by extension 'colcon_pkg'
[0.696s] Level 1:colcon.colcon_core.package_identification:_identify(launch) by extensions ['colcon_meta']
[0.696s] Level 1:colcon.colcon_core.package_identification:_identify(launch) by extension 'colcon_meta'
[0.696s] Level 1:colcon.colcon_core.package_identification:_identify(launch) by extensions ['ros']
[0.696s] Level 1:colcon.colcon_core.package_identification:_identify(launch) by extension 'ros'
[0.696s] Level 1:colcon.colcon_core.package_identification:_identify(launch) by extensions ['cmake', 'python']
[0.696s] Level 1:colcon.colcon_core.package_identification:_identify(launch) by extension 'cmake'
[0.696s] Level 1:colcon.colcon_core.package_identification:_identify(launch) by extension 'python'
[0.696s] Level 1:colcon.colcon_core.package_identification:_identify(launch) by extensions ['python_setup_py']
[0.696s] Level 1:colcon.colcon_core.package_identification:_identify(launch) by extension 'python_setup_py'
[0.696s] Level 1:colcon.colcon_core.package_identification:_identify(log) by extensions ['ignore', 'ignore_ament_install']
[0.696s] Level 1:colcon.colcon_core.package_identification:_identify(log) by extension 'ignore'
[0.696s] Level 1:colcon.colcon_core.package_identification:_identify(log) ignored
[0.697s] Level 1:colcon.colcon_core.package_identification:_identify(meshes) by extensions ['ignore', 'ignore_ament_install']
[0.697s] Level 1:colcon.colcon_core.package_identification:_identify(meshes) by extension 'ignore'
[0.697s] Level 1:colcon.colcon_core.package_identification:_identify(meshes) by extension 'ignore_ament_install'
[0.697s] Level 1:colcon.colcon_core.package_identification:_identify(meshes) by extensions ['colcon_pkg']
[0.697s] Level 1:colcon.colcon_core.package_identification:_identify(meshes) by extension 'colcon_pkg'
[0.697s] Level 1:colcon.colcon_core.package_identification:_identify(meshes) by extensions ['colcon_meta']
[0.697s] Level 1:colcon.colcon_core.package_identification:_identify(meshes) by extension 'colcon_meta'
[0.697s] Level 1:colcon.colcon_core.package_identification:_identify(meshes) by extensions ['ros']
[0.697s] Level 1:colcon.colcon_core.package_identification:_identify(meshes) by extension 'ros'
[0.697s] Level 1:colcon.colcon_core.package_identification:_identify(meshes) by extensions ['cmake', 'python']
[0.697s] Level 1:colcon.colcon_core.package_identification:_identify(meshes) by extension 'cmake'
[0.697s] Level 1:colcon.colcon_core.package_identification:_identify(meshes) by extension 'python'
[0.697s] Level 1:colcon.colcon_core.package_identification:_identify(meshes) by extensions ['python_setup_py']
[0.697s] Level 1:colcon.colcon_core.package_identification:_identify(meshes) by extension 'python_setup_py'
[0.697s] Level 1:colcon.colcon_core.package_identification:_identify(src) by extensions ['ignore', 'ignore_ament_install']
[0.697s] Level 1:colcon.colcon_core.package_identification:_identify(src) by extension 'ignore'
[0.697s] Level 1:colcon.colcon_core.package_identification:_identify(src) by extension 'ignore_ament_install'
[0.698s] Level 1:colcon.colcon_core.package_identification:_identify(src) by extensions ['colcon_pkg']
[0.698s] Level 1:colcon.colcon_core.package_identification:_identify(src) by extension 'colcon_pkg'
[0.698s] Level 1:colcon.colcon_core.package_identification:_identify(src) by extensions ['colcon_meta']
[0.698s] Level 1:colcon.colcon_core.package_identification:_identify(src) by extension 'colcon_meta'
[0.698s] Level 1:colcon.colcon_core.package_identification:_identify(src) by extensions ['ros']
[0.698s] Level 1:colcon.colcon_core.package_identification:_identify(src) by extension 'ros'
[0.698s] Level 1:colcon.colcon_core.package_identification:_identify(src) by extensions ['cmake', 'python']
[0.698s] Level 1:colcon.colcon_core.package_identification:_identify(src) by extension 'cmake'
[0.698s] Level 1:colcon.colcon_core.package_identification:_identify(src) by extension 'python'
[0.698s] Level 1:colcon.colcon_core.package_identification:_identify(src) by extensions ['python_setup_py']
[0.698s] Level 1:colcon.colcon_core.package_identification:_identify(src) by extension 'python_setup_py'
[0.698s] Level 1:colcon.colcon_core.package_identification:_identify(src/my_custom_robot) by extensions ['ignore', 'ignore_ament_install']
[0.698s] Level 1:colcon.colcon_core.package_identification:_identify(src/my_custom_robot) by extension 'ignore'
[0.698s] Level 1:colcon.colcon_core.package_identification:_identify(src/my_custom_robot) by extension 'ignore_ament_install'
[0.698s] Level 1:colcon.colcon_core.package_identification:_identify(src/my_custom_robot) by extensions ['colcon_pkg']
[0.698s] Level 1:colcon.colcon_core.package_identification:_identify(src/my_custom_robot) by extension 'colcon_pkg'
[0.698s] Level 1:colcon.colcon_core.package_identification:_identify(src/my_custom_robot) by extensions ['colcon_meta']
[0.698s] Level 1:colcon.colcon_core.package_identification:_identify(src/my_custom_robot) by extension 'colcon_meta'
[0.698s] Level 1:colcon.colcon_core.package_identification:_identify(src/my_custom_robot) by extensions ['ros']
[0.698s] Level 1:colcon.colcon_core.package_identification:_identify(src/my_custom_robot) by extension 'ros'
[0.702s] DEBUG:colcon.colcon_core.package_identification:Package 'src/my_custom_robot' with type 'ros.ament_cmake' and name 'my_custom_robot'
[0.702s] Level 1:colcon.colcon_core.package_identification:_identify(urdf) by extensions ['ignore', 'ignore_ament_install']
[0.702s] Level 1:colcon.colcon_core.package_identification:_identify(urdf) by extension 'ignore'
[0.702s] Level 1:colcon.colcon_core.package_identification:_identify(urdf) by extension 'ignore_ament_install'
[0.702s] Level 1:colcon.colcon_core.package_identification:_identify(urdf) by extensions ['colcon_pkg']
[0.702s] Level 1:colcon.colcon_core.package_identification:_identify(urdf) by extension 'colcon_pkg'
[0.702s] Level 1:colcon.colcon_core.package_identification:_identify(urdf) by extensions ['colcon_meta']
[0.703s] Level 1:colcon.colcon_core.package_identification:_identify(urdf) by extension 'colcon_meta'
[0.703s] Level 1:colcon.colcon_core.package_identification:_identify(urdf) by extensions ['ros']
[0.703s] Level 1:colcon.colcon_core.package_identification:_identify(urdf) by extension 'ros'
[0.703s] Level 1:colcon.colcon_core.package_identification:_identify(urdf) by extensions ['cmake', 'python']
[0.703s] Level 1:colcon.colcon_core.package_identification:_identify(urdf) by extension 'cmake'
[0.703s] Level 1:colcon.colcon_core.package_identification:_identify(urdf) by extension 'python'
[0.703s] Level 1:colcon.colcon_core.package_identification:_identify(urdf) by extensions ['python_setup_py']
[0.703s] Level 1:colcon.colcon_core.package_identification:_identify(urdf) by extension 'python_setup_py'
[0.703s] Level 1:colcon.colcon_core.package_identification:_identify(worlds) by extensions ['ignore', 'ignore_ament_install']
[0.703s] Level 1:colcon.colcon_core.package_identification:_identify(worlds) by extension 'ignore'
[0.703s] Level 1:colcon.colcon_core.package_identification:_identify(worlds) by extension 'ignore_ament_install'
[0.703s] Level 1:colcon.colcon_core.package_identification:_identify(worlds) by extensions ['colcon_pkg']
[0.703s] Level 1:colcon.colcon_core.package_identification:_identify(worlds) by extension 'colcon_pkg'
[0.703s] Level 1:colcon.colcon_core.package_identification:_identify(worlds) by extensions ['colcon_meta']
[0.703s] Level 1:colcon.colcon_core.package_identification:_identify(worlds) by extension 'colcon_meta'
[0.703s] Level 1:colcon.colcon_core.package_identification:_identify(worlds) by extensions ['ros']
[0.703s] Level 1:colcon.colcon_core.package_identification:_identify(worlds) by extension 'ros'
[0.704s] Level 1:colcon.colcon_core.package_identification:_identify(worlds) by extensions ['cmake', 'python']
[0.704s] Level 1:colcon.colcon_core.package_identification:_identify(worlds) by extension 'cmake'
[0.704s] Level 1:colcon.colcon_core.package_identification:_identify(worlds) by extension 'python'
[0.704s] Level 1:colcon.colcon_core.package_identification:_identify(worlds) by extensions ['python_setup_py']
[0.704s] Level 1:colcon.colcon_core.package_identification:_identify(worlds) by extension 'python_setup_py'
[0.704s] Level 1:colcon.colcon_core.package_discovery:discover_packages(recursive) using defaults
[0.704s] Level 1:colcon.colcon_core.package_discovery:discover_packages(ignore) discover
[0.704s] Level 1:colcon.colcon_core.package_discovery:discover_packages(ignore) using defaults
[0.704s] Level 1:colcon.colcon_core.package_discovery:discover_packages(path) discover
[0.704s] Level 1:colcon.colcon_core.package_discovery:discover_packages(path) using defaults
[0.750s] Level 1:colcon.colcon_core.package_discovery:discover_packages(prefix_path) check parameters
[0.750s] Level 1:colcon.colcon_core.package_discovery:discover_packages(prefix_path) discover
[0.755s] DEBUG:colcon.colcon_installed_package_information.package_discovery:Found 1 installed packages in /home/armoumad/robot_cae_ws/install
[0.758s] DEBUG:colcon.colcon_installed_package_information.package_discovery:Found 486 installed packages in /opt/ros/humble
[0.760s] Level 1:colcon.colcon_core.package_discovery:discover_packages(prefix_path) using defaults
[0.900s] Level 5:colcon.colcon_core.verb:set package 'my_custom_robot' build argument 'cmake_args' from command line to 'None'
[0.900s] Level 5:colcon.colcon_core.verb:set package 'my_custom_robot' build argument 'cmake_target' from command line to 'None'
[0.900s] Level 5:colcon.colcon_core.verb:set package 'my_custom_robot' build argument 'cmake_target_skip_unavailable' from command line to 'False'
[0.900s] Level 5:colcon.colcon_core.verb:set package 'my_custom_robot' build argument 'cmake_clean_cache' from command line to 'False'
[0.900s] Level 5:colcon.colcon_core.verb:set package 'my_custom_robot' build argument 'cmake_clean_first' from command line to 'False'
[0.900s] Level 5:colcon.colcon_core.verb:set package 'my_custom_robot' build argument 'cmake_force_configure' from command line to 'False'
[0.900s] Level 5:colcon.colcon_core.verb:set package 'my_custom_robot' build argument 'ament_cmake_args' from command line to 'None'
[0.900s] Level 5:colcon.colcon_core.verb:set package 'my_custom_robot' build argument 'catkin_cmake_args' from command line to 'None'
[0.900s] Level 5:colcon.colcon_core.verb:set package 'my_custom_robot' build argument 'catkin_skip_building_tests' from command line to 'False'
[0.900s] DEBUG:colcon.colcon_core.verb:Building package 'my_custom_robot' with the following arguments: {'ament_cmake_args': None, 'build_base': '/home/armoumad/robot_cae_ws/build/my_custom_robot', 'catkin_cmake_args': None, 'catkin_skip_building_tests': False, 'cmake_args': None, 'cmake_clean_cache': False, 'cmake_clean_first': False, 'cmake_force_configure': False, 'cmake_target': None, 'cmake_target_skip_unavailable': False, 'install_base': '/home/armoumad/robot_cae_ws/install/my_custom_robot', 'merge_install': False, 'path': '/home/armoumad/robot_cae_ws/src/my_custom_robot', 'symlink_install': True, 'test_result_base': None}
[0.900s] INFO:colcon.colcon_core.executor:Executing jobs using 'parallel' executor
[0.901s] DEBUG:colcon.colcon_parallel_executor.executor.parallel:run_until_complete
[0.901s] INFO:colcon.colcon_ros.task.ament_cmake.build:Building ROS package in '/home/armoumad/robot_cae_ws/src/my_custom_robot' with build type 'ament_cmake'
[0.901s] INFO:colcon.colcon_cmake.task.cmake.build:Building CMake package in '/home/armoumad/robot_cae_ws/src/my_custom_robot'
[0.909s] INFO:colcon.colcon_core.plugin_system:Skipping extension 'colcon_core.shell.bat': Not used on non-Windows systems
[0.909s] INFO:colcon.colcon_core.shell:Skip shell extension 'powershell' for command environment: Not usable outside of PowerShell
[0.909s] DEBUG:colcon.colcon_core.shell:Skip shell extension 'dsv' for command environment
[0.925s] DEBUG:colcon.colcon_core.event_handler.log_command:Invoking command in '/home/armoumad/robot_cae_ws/build/my_custom_robot': CMAKE_PREFIX_PATH=${CMAKE_PREFIX_PATH}:/opt/ros/humble /usr/bin/cmake --build /home/armoumad/robot_cae_ws/build/my_custom_robot -- -j8 -l8
[1.040s] DEBUG:colcon.colcon_core.event_handler.log_command:Invoked command in '/home/armoumad/robot_cae_ws/build/my_custom_robot' returned '0': CMAKE_PREFIX_PATH=${CMAKE_PREFIX_PATH}:/opt/ros/humble /usr/bin/cmake --build /home/armoumad/robot_cae_ws/build/my_custom_robot -- -j8 -l8
[1.054s] DEBUG:colcon.colcon_core.event_handler.log_command:Invoking command in '/home/armoumad/robot_cae_ws/build/my_custom_robot': CMAKE_PREFIX_PATH=${CMAKE_PREFIX_PATH}:/opt/ros/humble /usr/bin/cmake --install /home/armoumad/robot_cae_ws/build/my_custom_robot
[1.092s] Level 1:colcon.colcon_core.environment:create_environment_scripts_only(my_custom_robot)
[1.092s] DEBUG:colcon.colcon_core.event_handler.log_command:Invoked command in '/home/armoumad/robot_cae_ws/build/my_custom_robot' returned '0': CMAKE_PREFIX_PATH=${CMAKE_PREFIX_PATH}:/opt/ros/humble /usr/bin/cmake --install /home/armoumad/robot_cae_ws/build/my_custom_robot
[1.102s] Level 1:colcon.colcon_core.environment:checking '/home/armoumad/robot_cae_ws/install/my_custom_robot' for CMake module files
[1.103s] Level 1:colcon.colcon_core.environment:checking '/home/armoumad/robot_cae_ws/install/my_custom_robot' for CMake config files
[1.104s] Level 1:colcon.colcon_core.shell:create_environment_hook('my_custom_robot', 'cmake_prefix_path')
[1.104s] INFO:colcon.colcon_core.shell:Creating environment hook '/home/armoumad/robot_cae_ws/install/my_custom_robot/share/my_custom_robot/hook/cmake_prefix_path.ps1'
[1.105s] INFO:colcon.colcon_core.shell:Creating environment descriptor '/home/armoumad/robot_cae_ws/install/my_custom_robot/share/my_custom_robot/hook/cmake_prefix_path.dsv'
[1.106s] INFO:colcon.colcon_core.shell:Creating environment hook '/home/armoumad/robot_cae_ws/install/my_custom_robot/share/my_custom_robot/hook/cmake_prefix_path.sh'
[1.107s] Level 1:colcon.colcon_core.environment:checking '/home/armoumad/robot_cae_ws/install/my_custom_robot/bin'
[1.107s] Level 1:colcon.colcon_core.environment:checking '/home/armoumad/robot_cae_ws/install/my_custom_robot/lib/pkgconfig/my_custom_robot.pc'
[1.107s] Level 1:colcon.colcon_core.environment:checking '/home/armoumad/robot_cae_ws/install/my_custom_robot/lib/python3.10/site-packages'
[1.107s] Level 1:colcon.colcon_core.environment:checking '/home/armoumad/robot_cae_ws/install/my_custom_robot/bin'
[1.107s] INFO:colcon.colcon_core.shell:Creating package script '/home/armoumad/robot_cae_ws/install/my_custom_robot/share/my_custom_robot/package.ps1'
[1.108s] INFO:colcon.colcon_core.shell:Creating package descriptor '/home/armoumad/robot_cae_ws/install/my_custom_robot/share/my_custom_robot/package.dsv'
[1.109s] INFO:colcon.colcon_core.shell:Creating package script '/home/armoumad/robot_cae_ws/install/my_custom_robot/share/my_custom_robot/package.sh'
[1.110s] INFO:colcon.colcon_core.shell:Creating package script '/home/armoumad/robot_cae_ws/install/my_custom_robot/share/my_custom_robot/package.bash'
[1.111s] INFO:colcon.colcon_core.shell:Creating package script '/home/armoumad/robot_cae_ws/install/my_custom_robot/share/my_custom_robot/package.zsh'
[1.113s] Level 1:colcon.colcon_core.environment:create_file_with_runtime_dependencies(/home/armoumad/robot_cae_ws/install/my_custom_robot/share/colcon-core/packages/my_custom_robot)
[1.113s] Level 1:colcon.colcon_core.environment:create_environment_scripts_only(my_custom_robot)
[1.113s] Level 1:colcon.colcon_core.environment:checking '/home/armoumad/robot_cae_ws/install/my_custom_robot' for CMake module files
[1.114s] Level 1:colcon.colcon_core.environment:checking '/home/armoumad/robot_cae_ws/install/my_custom_robot' for CMake config files
[1.114s] Level 1:colcon.colcon_core.shell:create_environment_hook('my_custom_robot', 'cmake_prefix_path')
[1.114s] INFO:colcon.colcon_core.shell:Creating environment hook '/home/armoumad/robot_cae_ws/install/my_custom_robot/share/my_custom_robot/hook/cmake_prefix_path.ps1'
[1.114s] INFO:colcon.colcon_core.shell:Creating environment descriptor '/home/armoumad/robot_cae_ws/install/my_custom_robot/share/my_custom_robot/hook/cmake_prefix_path.dsv'
[1.115s] INFO:colcon.colcon_core.shell:Creating environment hook '/home/armoumad/robot_cae_ws/install/my_custom_robot/share/my_custom_robot/hook/cmake_prefix_path.sh'
[1.115s] Level 1:colcon.colcon_core.environment:checking '/home/armoumad/robot_cae_ws/install/my_custom_robot/bin'
[1.115s] Level 1:colcon.colcon_core.environment:checking '/home/armoumad/robot_cae_ws/install/my_custom_robot/lib/pkgconfig/my_custom_robot.pc'
[1.115s] Level 1:colcon.colcon_core.environment:checking '/home/armoumad/robot_cae_ws/install/my_custom_robot/lib/python3.10/site-packages'
[1.115s] Level 1:colcon.colcon_core.environment:checking '/home/armoumad/robot_cae_ws/install/my_custom_robot/bin'
[1.116s] INFO:colcon.colcon_core.shell:Creating package script '/home/armoumad/robot_cae_ws/install/my_custom_robot/share/my_custom_robot/package.ps1'
[1.116s] INFO:colcon.colcon_core.shell:Creating package descriptor '/home/armoumad/robot_cae_ws/install/my_custom_robot/share/my_custom_robot/package.dsv'
[1.116s] INFO:colcon.colcon_core.shell:Creating package script '/home/armoumad/robot_cae_ws/install/my_custom_robot/share/my_custom_robot/package.sh'
[1.117s] INFO:colcon.colcon_core.shell:Creating package script '/home/armoumad/robot_cae_ws/install/my_custom_robot/share/my_custom_robot/package.bash'
[1.117s] INFO:colcon.colcon_core.shell:Creating package script '/home/armoumad/robot_cae_ws/install/my_custom_robot/share/my_custom_robot/package.zsh'
[1.117s] Level 1:colcon.colcon_core.environment:create_file_with_runtime_dependencies(/home/armoumad/robot_cae_ws/install/my_custom_robot/share/colcon-core/packages/my_custom_robot)
[1.117s] DEBUG:colcon.colcon_parallel_executor.executor.parallel:closing loop
[1.118s] DEBUG:colcon.colcon_parallel_executor.executor.parallel:loop closed
[1.118s] DEBUG:colcon.colcon_parallel_executor.executor.parallel:run_until_complete finished with '0'
[1.118s] DEBUG:colcon.colcon_core.event_reactor:joining thread
[1.192s] INFO:colcon.colcon_core.plugin_system:Skipping extension 'colcon_notification.desktop_notification.notify_send': Could not find 'notify-send'
[1.192s] INFO:colcon.colcon_core.plugin_system:Skipping extension 'colcon_notification.desktop_notification.terminal_notifier': Not used on non-Darwin systems
[1.192s] INFO:colcon.colcon_core.plugin_system:Skipping extension 'colcon_notification.desktop_notification.win32': Not used on non-Windows systems
[1.192s] INFO:colcon.colcon_notification.desktop_notification:Sending desktop notification using 'notify2'
[1.195s] DEBUG:colcon.colcon_notification.desktop_notification.notify2:Failed to initialize notify2: org.freedesktop.DBus.Error.ServiceUnknown: The name org.freedesktop.Notifications was not provided by any .service files
[1.195s] DEBUG:colcon.colcon_core.event_reactor:joined thread
[1.196s] INFO:colcon.colcon_core.shell:Creating prefix script '/home/armoumad/robot_cae_ws/install/local_setup.ps1'
[1.197s] INFO:colcon.colcon_core.shell:Creating prefix util module '/home/armoumad/robot_cae_ws/install/_local_setup_util_ps1.py'
[1.198s] INFO:colcon.colcon_core.shell:Creating prefix chain script '/home/armoumad/robot_cae_ws/install/setup.ps1'
[1.199s] INFO:colcon.colcon_core.shell:Creating prefix script '/home/armoumad/robot_cae_ws/install/local_setup.sh'
[1.200s] INFO:colcon.colcon_core.shell:Creating prefix util module '/home/armoumad/robot_cae_ws/install/_local_setup_util_sh.py'
[1.200s] INFO:colcon.colcon_core.shell:Creating prefix chain script '/home/armoumad/robot_cae_ws/install/setup.sh'
[1.201s] INFO:colcon.colcon_core.shell:Creating prefix script '/home/armoumad/robot_cae_ws/install/local_setup.bash'
[1.202s] INFO:colcon.colcon_core.shell:Creating prefix chain script '/home/armoumad/robot_cae_ws/install/setup.bash'
[1.203s] INFO:colcon.colcon_core.shell:Creating prefix script '/home/armoumad/robot_cae_ws/install/local_setup.zsh'
[1.203s] INFO:colcon.colcon_core.shell:Creating prefix chain script '/home/armoumad/robot_cae_ws/install/setup.zsh'
